[www.rajibweb.com/html/homy/index-six.html]
[backblue.gif]
[fade.gif]
[index.html]
[www.rajibweb.com/html/homy/css/bootstrap.min.css]
[www.rajibweb.com/html/homy/css/font-awesome.min.css]
[www.rajibweb.com/html/homy/css/icofont.css]
[www.rajibweb.com/html/homy/css/stellarnav.min.css]
[www.rajibweb.com/html/homy/css/featherlight.min.css]
[www.rajibweb.com/html/homy/css/featherlight.gallery.min.css]
[www.rajibweb.com/html/homy/css/hover.css]
[www.rajibweb.com/html/homy/css/flexslider.css]
[www.rajibweb.com/html/homy/css/owl.carousel.min.css]
[www.rajibweb.com/html/homy/css/owl.theme.default.min.css]
[www.rajibweb.com/html/homy/css/slick.css]
[www.rajibweb.com/html/homy/css/slick-theme.css]
[www.rajibweb.com/html/homy/css/jquery-ui.css]
[www.rajibweb.com/html/homy/css/animations.css]
[www.rajibweb.com/html/homy/css/animate.min.css]
[www.rajibweb.com/html/homy/css/owl.theme.default.css]
[www.rajibweb.com/html/homy/css/jquery.mb.YTPlayer.min.css]
[www.rajibweb.com/html/homy/css/style.css]
[www.rajibweb.com/html/homy/css/responsive.css]
[www.rajibweb.com/html/homy/images/favicon.png]
[www.rajibweb.com/html/homy/images/apple-icon.png]
[www.rajibweb.com/html/homy/sign-in-up.html]
[www.rajibweb.com/html/homy/index-one.html]
[www.rajibweb.com/html/homy/images/logo.png]
[www.rajibweb.com/html/homy/index-two.html]
[www.rajibweb.com/html/homy/index-three.html]
[www.rajibweb.com/html/homy/index-four.html]
[www.rajibweb.com/html/homy/index-five.html]
[www.rajibweb.com/html/homy/about.html]
[www.rajibweb.com/html/homy/properties-col-3.html]
[www.rajibweb.com/html/homy/properties-col-4.html]
[www.rajibweb.com/html/homy/properties-right-sidebar.html]
[www.rajibweb.com/html/homy/properties-left-sidebar.html]
[www.rajibweb.com/html/homy/properties-details.html]
[www.rajibweb.com/html/homy/agents.html]
[www.rajibweb.com/html/homy/agents-details.html]
[www.rajibweb.com/html/homy/blog-gird.html]
[www.rajibweb.com/html/homy/blog-right-sidebar.html]
[www.rajibweb.com/html/homy/blog-left-sidebar.html]
[www.rajibweb.com/html/homy/blog-details.html]
[www.rajibweb.com/html/homy/testimonials.html]
[www.rajibweb.com/html/homy/service.html]
[www.rajibweb.com/html/homy/faq.html]
[www.rajibweb.com/html/homy/error.html]
[www.rajibweb.com/html/homy/contact.html]
[www.rajibweb.com/html/homy/images/home.png]
[www.rajibweb.com/html/homy/images/about/2.png]
[www.rajibweb.com/html/homy/images/video.jpg]
[www.rajibweb.com/html/homy/images/property/1.jpg]
[www.rajibweb.com/html/homy/images/property/2.jpg]
[www.rajibweb.com/html/homy/images/property/3.jpg]
[www.rajibweb.com/html/homy/images/property/4.jpg]
[www.rajibweb.com/html/homy/images/property/5.jpg]
[www.rajibweb.com/html/homy/images/property/6.jpg]
[www.rajibweb.com/html/homy/images/agents/1.png]
[www.rajibweb.com/html/homy/images/agents/2.png]
[www.rajibweb.com/html/homy/images/agents/3.png]
[www.rajibweb.com/html/homy/images/agents/4.png]
[www.rajibweb.com/html/homy/images/agents/5.png]
[www.rajibweb.com/html/homy/images/agents/6.png]
[www.rajibweb.com/html/homy/images/blog/1.jpg]
[www.rajibweb.com/html/homy/images/blog/2.jpg]
[www.rajibweb.com/html/homy/images/blog/3.jpg]
[www.rajibweb.com/html/homy/images/brand/1.jpg]
[www.rajibweb.com/html/homy/images/brand/2.jpg]
[www.rajibweb.com/html/homy/images/brand/3.jpg]
[www.rajibweb.com/html/homy/images/brand/4.jpg]
[www.rajibweb.com/html/homy/images/brand/5.jpg]
[www.rajibweb.com/html/homy/images/brand/6.jpg]
[www.rajibweb.com/html/homy/images/footer-logo.png]
[www.rajibweb.com/html/homy/images/gallery/1.jpg]
[www.rajibweb.com/html/homy/images/gallery/2.jpg]
[www.rajibweb.com/html/homy/images/gallery/3.jpg]
[www.rajibweb.com/html/homy/images/gallery/4.jpg]
[www.rajibweb.com/html/homy/images/gallery/5.jpg]
[www.rajibweb.com/html/homy/images/gallery/6.jpg]
[www.rajibweb.com/html/homy/images/gallery/7.jpg]
[www.rajibweb.com/html/homy/images/gallery/8.jpg]
[www.rajibweb.com/html/homy/images/gallery/9.jpg]
[www.rajibweb.com/html/homy/js/jquery.min.js]
[www.rajibweb.com/html/homy/js/popper.min.js]
[www.rajibweb.com/html/homy/js/bootstrap.min.js]
[www.rajibweb.com/html/homy/js/css3-animate-it.js]
[www.rajibweb.com/html/homy/js/stellarnav.min.js]
[www.rajibweb.com/html/homy/js/featherlight.min.js]
[www.rajibweb.com/html/homy/js/featherlight.gallery.min.js]
[www.rajibweb.com/html/homy/js/jquery.flexslider.js]
[www.rajibweb.com/html/homy/js/owl.carousel.min.js]
[www.rajibweb.com/html/homy/js/jarallax.js]
[www.rajibweb.com/html/homy/js/slick.min.js]
[www.rajibweb.com/html/homy/js/jquery-ui.js]
[www.rajibweb.com/html/homy/js/jquery-scrolltofixed-min.js]
[www.rajibweb.com/html/homy/js/morphext.min.js]
[www.rajibweb.com/html/homy/js/dyscrollup.js]
[www.rajibweb.com/html/homy/js/jquery.ripples.js]
[www.rajibweb.com/html/homy/js/jquery.mb.YTPlayer.min.js]
[www.rajibweb.com/html/homy/js/app.js]
[www.rajibweb.com/html/homy/js/main.js]
[www.rajibweb.com/html/homy/index-six.html]
[www.rajibweb.com/html/homy/images/title.png]
[www.rajibweb.com/html/homy/sign-in-up.html]
[www.rajibweb.com/html/homy/images/slider/1.jpg]
[www.rajibweb.com/html/homy/images/slider/2.jpg]
[www.rajibweb.com/html/homy/images/slider/3.jpg]
[www.rajibweb.com/html/homy/images/slider/4.jpg]
[www.rajibweb.com/html/homy/images/slider/5.jpg]
[www.rajibweb.com/html/homy/index-one.html]
[www.rajibweb.com/html/homy/images/about/1.png]
[www.rajibweb.com/html/homy/css/pogo-slider.css]
[www.rajibweb.com/html/homy/js/jquery.pogo-slider.js]
[www.rajibweb.com/html/homy/index-two.html]
[www.rajibweb.com/html/homy/images/about/2.jpg]
[www.rajibweb.com/html/homy/index-three.html]
[www.rajibweb.com/html/homy/index-four.html]
[www.rajibweb.com/html/homy/index-five.html]
[www.rajibweb.com/html/homy/images/meeting.jpg]
[www.rajibweb.com/html/homy/about.html]
[www.rajibweb.com/html/homy/images/property/7.jpg]
[www.rajibweb.com/html/homy/images/property/8.jpg]
[www.rajibweb.com/html/homy/properties-col-3.html]
[www.rajibweb.com/html/homy/properties-col-4.html]
[www.rajibweb.com/html/homy/images/property/9.jpg]
[www.rajibweb.com/html/homy/images/blog/s1.jpg]
[www.rajibweb.com/html/homy/images/blog/s2.jpg]
[www.rajibweb.com/html/homy/images/blog/s3.jpg]
[www.rajibweb.com/html/homy/properties-right-sidebar.html]
[www.rajibweb.com/html/homy/properties-left-sidebar.html]
[www.rajibweb.com/html/homy/images/slider/slider-1.jpg]
[www.rajibweb.com/html/homy/images/slider/slider-2.jpg]
[www.rajibweb.com/html/homy/images/slider/slider-3.jpg]
[www.rajibweb.com/html/homy/images/slider/slider-4.jpg]
[www.rajibweb.com/html/homy/images/comment/1.jpg]
[www.rajibweb.com/html/homy/images/comment/2.jpg]
[www.rajibweb.com/html/homy/images/comment/3.jpg]
[www.rajibweb.com/html/homy/images/property/preview.jpg]
[www.rajibweb.com/html/homy/js/retina.js]
[www.rajibweb.com/html/homy/properties-details.html]
[www.rajibweb.com/html/homy/agents.html]
[www.rajibweb.com/html/homy/agents-details.html]
[www.rajibweb.com/html/homy/images/blog/4.jpg]
[www.rajibweb.com/html/homy/images/blog/5.jpg]
[www.rajibweb.com/html/homy/images/blog/6.jpg]
[www.rajibweb.com/html/homy/images/blog/7.jpg]
[www.rajibweb.com/html/homy/images/blog/8.jpg]
[www.rajibweb.com/html/homy/images/blog/9.jpg]
[www.rajibweb.com/html/homy/blog-gird.html]
[www.rajibweb.com/html/homy/blog-right-sidebar.html]
[www.rajibweb.com/html/homy/blog-left-sidebar.html]
[www.rajibweb.com/html/homy/images/blog/big.jpg]
[www.rajibweb.com/html/homy/blog-details.html]
[www.rajibweb.com/html/homy/testimonials.html]
[www.rajibweb.com/html/homy/images/service.jpg]
[www.rajibweb.com/html/homy/service.html]
[www.rajibweb.com/html/homy/images/faq.png]
[www.rajibweb.com/html/homy/faq.html]
[www.rajibweb.com/html/homy/error.html]
[www.rajibweb.com/html/homy/contact.html]
[www.rajibweb.com/html/homy/about-one.html]
[www.rajibweb.com/html/homy/properties-col-5.html]
[www.rajibweb.com/html/homy/js/google-map.js]
[www.rajibweb.com/html/homy/css/bootstrap.min.css]
[www.rajibweb.com/html/homy/fonts/fontawesome-webfont3e6e.eot]
[www.rajibweb.com/html/homy/fonts/fontawesome-webfontd41d.eot]
[www.rajibweb.com/html/homy/fonts/fontawesome-webfont3e6e.woff2]
[www.rajibweb.com/html/homy/fonts/fontawesome-webfont3e6e.woff]
[www.rajibweb.com/html/homy/fonts/fontawesome-webfont3e6e.ttf]
[www.rajibweb.com/html/homy/css/font-awesome.min.css]
[www.rajibweb.com/html/homy/fonts/icofont7858.eot]
[www.rajibweb.com/html/homy/fonts/icofont7858.ttf]
[www.rajibweb.com/html/homy/fonts/icofont7858.woff]
[www.rajibweb.com/html/homy/css/icofont.css]
[www.rajibweb.com/html/homy/css/stellarnav.min.css]
[www.rajibweb.com/html/homy/css/featherlight.min.css]
[www.rajibweb.com/html/homy/css/featherlight.gallery.min.css]
[www.rajibweb.com/html/homy/css/hover.css]
[www.rajibweb.com/html/homy/fonts/flexslider-icon.eot]
[www.rajibweb.com/html/homy/fonts/flexslider-icond41d.eot]
[www.rajibweb.com/html/homy/fonts/flexslider-icon.woff]
[www.rajibweb.com/html/homy/fonts/flexslider-icon.ttf]
[www.rajibweb.com/html/homy/fonts/flexslider-icon.svg]
[www.rajibweb.com/html/homy/css/flexslider.css]
[www.rajibweb.com/html/homy/css/owl.carousel.min.css]
[www.rajibweb.com/html/homy/css/owl.theme.default.min.css]
[www.rajibweb.com/html/homy/css/slick.css]
[www.rajibweb.com/html/homy/fonts/slick.eot]
[www.rajibweb.com/html/homy/fonts/slickd41d.eot]
[www.rajibweb.com/html/homy/fonts/slick.woff]
[www.rajibweb.com/html/homy/fonts/slick.ttf]
[www.rajibweb.com/html/homy/fonts/slick.svg]
[www.rajibweb.com/html/homy/css/slick-theme.css]
[www.rajibweb.com/html/homy/css/jquery-ui.css]
[www.rajibweb.com/html/homy/css/animations.css]
[www.rajibweb.com/html/homy/css/animate.min.css]
[www.rajibweb.com/html/homy/css/morphext.css]
[www.rajibweb.com/html/homy/css/owl.theme.default.css]
[www.rajibweb.com/html/homy/css/jquery.mb.YTPlayer.min.css]
[www.rajibweb.com/html/homy/images/preloader.gif]
[www.rajibweb.com/html/homy/images/background/pattern.png]
[www.rajibweb.com/html/homy/images/background/4.jpg]
[www.rajibweb.com/html/homy/images/background/1.jpg]
[www.rajibweb.com/html/homy/images/background/2.jpg]
[www.rajibweb.com/html/homy/images/background/3.jpg]
[www.rajibweb.com/html/homy/images/background/error.jpg]
[www.rajibweb.com/html/homy/images/background/5.jpg]
[www.rajibweb.com/html/homy/images/background/6.jpg]
[www.rajibweb.com/html/homy/images/background/0.jpg]
[www.rajibweb.com/html/homy/css/style.css]
[www.rajibweb.com/html/homy/css/responsive.css]
[www.rajibweb.com/html/homy/css/pogo-slider.css]
[www.rajibweb.com/html/homy/fonts/fontawesome-webfont3e6e.html]
[www.rajibweb.com/html/homy/fonts/icofont7858.html]
[www.rajibweb.com/html/homy/fonts/flexslider-icon.svg]
[www.rajibweb.com/html/homy/css/owl.video.play.html]
[www.rajibweb.com/html/homy/fonts/slick.svg]
[www.rajibweb.com/html/homy/css/images/ui-icons_444444_256x240.html]
[www.rajibweb.com/html/homy/css/images/ui-icons_555555_256x240.html]
[www.rajibweb.com/html/homy/css/images/ui-icons_ffffff_256x240.html]
[www.rajibweb.com/html/homy/css/images/ui-icons_777620_256x240.html]
[www.rajibweb.com/html/homy/css/images/ui-icons_cc0000_256x240.html]
[www.rajibweb.com/html/homy/css/images/ui-icons_777777_256x240.html]
[www.rajibweb.com/html/homy/css/font/ytp-regular.html]
